Testing yt-dlp metadata extraction...
node : Test failed: 
Error: yt-dlp-wrap 
not installed
At line:1 char:1
+ node test_ytdlp.js 
> test_output.txt 2>&1
+ ~~~~~~~~~~~~~~~~~~~~
~~~~~~~~~~~~~~~~~~~~~
    + CategoryInfo    
          : NotSpeci  
  fied: (Test faile   
 d: Er...p not ins    
talled:String) []    
, RemoteException
    + FullyQualifiedE 
   rrorId : NativeCo  
  mmandError
 
    at 
ensureYtDlpBinary (D:\
antigtavityyy\Social-M
edia-Downloader\funcs\
ytdlp.js:21:25)
    at runYtDlp (D:\an
tigtavityyy\Social-Med
ia-Downloader\funcs\yt
dlp.js:49:21)
    at getMetadata (D:
\antigtavityyy\Social-
Media-Downloader\funcs
\ytdlp.js:62:21)
    at test (D:\antigt
avityyy\Social-Media-D
ownloader\test_ytdlp.j
s:7:28)
    at 
Object.<anonymous> (D:
\antigtavityyy\Social-
Media-Downloader\test_
ytdlp.js:16:1)
    at 
Module._compile (node:
internal/modules/cjs/l
oader:1761:14)
    at Object..js (nod
e:internal/modules/cjs
/loader:1893:10)
    at Module.load (no
de:internal/modules/cj
s/loader:1481:32)
    at Module._load (n
ode:internal/modules/c
js/loader:1300:12)
    at TracingChannel.
traceSync (node:diagno
stics_channel:328:14)
